Archive member included to satisfy reference by file (symbol)

d:/truestudio/truestudio for arm 7.1.2/armtools/bin/../lib/gcc/arm-atollic-eabi/5.3.1/../../../../arm-atollic-eabi/lib/armv7e-m/fpu\libc_nano.a(lib_a-init.o)
                              startup\startup_stm32f401xe.o (__libc_init_array)
d:/truestudio/truestudio for arm 7.1.2/armtools/bin/../lib/gcc/arm-atollic-eabi/5.3.1/../../../../arm-atollic-eabi/lib/armv7e-m/fpu\libc_nano.a(lib_a-sprintf.o)
                              Src\main.o (sprintf)
d:/truestudio/truestudio for arm 7.1.2/armtools/bin/../lib/gcc/arm-atollic-eabi/5.3.1/../../../../arm-atollic-eabi/lib/armv7e-m/fpu\libc_nano.a(lib_a-strcpy.o)
                              Src\main.o (strcpy)
d:/truestudio/truestudio for arm 7.1.2/armtools/bin/../lib/gcc/arm-atollic-eabi/5.3.1/../../../../arm-atollic-eabi/lib/armv7e-m/fpu\libc_nano.a(lib_a-strlen.o)
                              Src\main.o (strlen)
d:/truestudio/truestudio for arm 7.1.2/armtools/bin/../lib/gcc/arm-atollic-eabi/5.3.1/../../../../arm-atollic-eabi/lib/armv7e-m/fpu\libc_nano.a(lib_a-impure.o)
                              d:/truestudio/truestudio for arm 7.1.2/armtools/bin/../lib/gcc/arm-atollic-eabi/5.3.1/../../../../arm-atollic-eabi/lib/armv7e-m/fpu\libc_nano.a(lib_a-sprintf.o) (_impure_ptr)
d:/truestudio/truestudio for arm 7.1.2/armtools/bin/../lib/gcc/arm-atollic-eabi/5.3.1/../../../../arm-atollic-eabi/lib/armv7e-m/fpu\libc_nano.a(lib_a-nano-svfprintf.o)
                              d:/truestudio/truestudio for arm 7.1.2/armtools/bin/../lib/gcc/arm-atollic-eabi/5.3.1/../../../../arm-atollic-eabi/lib/armv7e-m/fpu\libc_nano.a(lib_a-sprintf.o) (_svfprintf_r)
d:/truestudio/truestudio for arm 7.1.2/armtools/bin/../lib/gcc/arm-atollic-eabi/5.3.1/../../../../arm-atollic-eabi/lib/armv7e-m/fpu\libc_nano.a(lib_a-nano-vfprintf_i.o)
                              d:/truestudio/truestudio for arm 7.1.2/armtools/bin/../lib/gcc/arm-atollic-eabi/5.3.1/../../../../arm-atollic-eabi/lib/armv7e-m/fpu\libc_nano.a(lib_a-nano-svfprintf.o) (_printf_i)
d:/truestudio/truestudio for arm 7.1.2/armtools/bin/../lib/gcc/arm-atollic-eabi/5.3.1/../../../../arm-atollic-eabi/lib/armv7e-m/fpu\libc_nano.a(lib_a-memchr.o)
                              d:/truestudio/truestudio for arm 7.1.2/armtools/bin/../lib/gcc/arm-atollic-eabi/5.3.1/../../../../arm-atollic-eabi/lib/armv7e-m/fpu\libc_nano.a(lib_a-nano-svfprintf.o) (memchr)
d:/truestudio/truestudio for arm 7.1.2/armtools/bin/../lib/gcc/arm-atollic-eabi/5.3.1/../../../../arm-atollic-eabi/lib/armv7e-m/fpu\libc_nano.a(lib_a-memcpy-stub.o)
                              d:/truestudio/truestudio for arm 7.1.2/armtools/bin/../lib/gcc/arm-atollic-eabi/5.3.1/../../../../arm-atollic-eabi/lib/armv7e-m/fpu\libc_nano.a(lib_a-nano-svfprintf.o) (memcpy)
d:/truestudio/truestudio for arm 7.1.2/armtools/bin/../lib/gcc/arm-atollic-eabi/5.3.1/../../../../arm-atollic-eabi/lib/armv7e-m/fpu\libc_nano.a(lib_a-memmove.o)
                              d:/truestudio/truestudio for arm 7.1.2/armtools/bin/../lib/gcc/arm-atollic-eabi/5.3.1/../../../../arm-atollic-eabi/lib/armv7e-m/fpu\libc_nano.a(lib_a-nano-svfprintf.o) (memmove)
d:/truestudio/truestudio for arm 7.1.2/armtools/bin/../lib/gcc/arm-atollic-eabi/5.3.1/../../../../arm-atollic-eabi/lib/armv7e-m/fpu\libc_nano.a(lib_a-nano-freer.o)
                              d:/truestudio/truestudio for arm 7.1.2/armtools/bin/../lib/gcc/arm-atollic-eabi/5.3.1/../../../../arm-atollic-eabi/lib/armv7e-m/fpu\libc_nano.a(lib_a-nano-svfprintf.o) (_free_r)
d:/truestudio/truestudio for arm 7.1.2/armtools/bin/../lib/gcc/arm-atollic-eabi/5.3.1/../../../../arm-atollic-eabi/lib/armv7e-m/fpu\libc_nano.a(lib_a-nano-mallocr.o)
                              d:/truestudio/truestudio for arm 7.1.2/armtools/bin/../lib/gcc/arm-atollic-eabi/5.3.1/../../../../arm-atollic-eabi/lib/armv7e-m/fpu\libc_nano.a(lib_a-nano-svfprintf.o) (_malloc_r)
d:/truestudio/truestudio for arm 7.1.2/armtools/bin/../lib/gcc/arm-atollic-eabi/5.3.1/../../../../arm-atollic-eabi/lib/armv7e-m/fpu\libc_nano.a(lib_a-nano-reallocr.o)
                              d:/truestudio/truestudio for arm 7.1.2/armtools/bin/../lib/gcc/arm-atollic-eabi/5.3.1/../../../../arm-atollic-eabi/lib/armv7e-m/fpu\libc_nano.a(lib_a-nano-svfprintf.o) (_realloc_r)
d:/truestudio/truestudio for arm 7.1.2/armtools/bin/../lib/gcc/arm-atollic-eabi/5.3.1/../../../../arm-atollic-eabi/lib/armv7e-m/fpu\libc_nano.a(lib_a-sbrkr.o)
                              d:/truestudio/truestudio for arm 7.1.2/armtools/bin/../lib/gcc/arm-atollic-eabi/5.3.1/../../../../arm-atollic-eabi/lib/armv7e-m/fpu\libc_nano.a(lib_a-nano-mallocr.o) (_sbrk_r)
d:/truestudio/truestudio for arm 7.1.2/armtools/bin/../lib/gcc/arm-atollic-eabi/5.3.1/../../../../arm-atollic-eabi/lib/armv7e-m/fpu\libc_nano.a(lib_a-mlock.o)
[...]
Memory Configuration

Name             Origin             Length             Attributes
RAM              0x20000000         0x00018000         xrw
FLASH            0x08000000         0x00080000         xr
*default*        0x00000000         0xffffffff

Linker script and memory map

LOAD d:/truestudio/truestudio for arm 7.1.2/armtools/bin/../lib/gcc/arm-atollic-eabi/5.3.1/armv7e-m/fpu/crti.o
LOAD d:/truestudio/truestudio for arm 7.1.2/armtools/bin/../lib/gcc/arm-atollic-eabi/5.3.1/armv7e-m/fpu/crtbegin.o
LOAD Drivers\STM32F4xx_HAL_Driver\Src\stm32f4xx_hal.o
LOAD Drivers\STM32F4xx_HAL_Driver\Src\stm32f4xx_hal_adc.o
LOAD Drivers\STM32F4xx_HAL_Driver\Src\stm32f4xx_hal_adc_ex.o
LOAD Drivers\STM32F4xx_HAL_Driver\Src\stm32f4xx_hal_cortex.o
LOAD Drivers\STM32F4xx_HAL_Driver\Src\stm32f4xx_hal_dma.o
LOAD Drivers\STM32F4xx_HAL_Driver\Src\stm32f4xx_hal_dma_ex.o
LOAD Drivers\STM32F4xx_HAL_Driver\Src\stm32f4xx_hal_flash.o
LOAD Drivers\STM32F4xx_HAL_Driver\Src\stm32f4xx_hal_flash_ex.o
LOAD Drivers\STM32F4xx_HAL_Driver\Src\stm32f4xx_hal_flash_ramfunc.o
LOAD Drivers\STM32F4xx_HAL_Driver\Src\stm32f4xx_hal_gpio.o
LOAD Drivers\STM32F4xx_HAL_Driver\Src\stm32f4xx_hal_i2c.o
LOAD Drivers\STM32F4xx_HAL_Driver\Src\stm32f4xx_hal_i2c_ex.o
LOAD Drivers\STM32F4xx_HAL_Driver\Src\stm32f4xx_hal_pwr.o
LOAD Drivers\STM32F4xx_HAL_Driver\Src\stm32f4xx_hal_pwr_ex.o
LOAD Drivers\STM32F4xx_HAL_Driver\Src\stm32f4xx_hal_rcc.o
LOAD Drivers\STM32F4xx_HAL_Driver\Src\stm32f4xx_hal_rcc_ex.o
LOAD Drivers\STM32F4xx_HAL_Driver\Src\stm32f4xx_hal_tim.o
LOAD Drivers\STM32F4xx_HAL_Driver\Src\stm32f4xx_hal_tim_ex.o
LOAD Drivers\STM32F4xx_HAL_Driver\Src\stm32f4xx_hal_uart.o
LOAD Src\delay.o
LOAD Src\lcd.o
LOAD Src\main.o
LOAD Src\stm32f4xx_hal_msp.o
LOAD Src\stm32f4xx_it.o
LOAD Src\system_stm32f4xx.o
LOAD startup\startup_stm32f401xe.o
START GROUP
LOAD d:/truestudio/truestudio for arm 7.1.2/armtools/bin/../lib/gcc/arm-atollic-eabi/5.3.1/../../../../arm-atollic-eabi/lib/armv7e-m/fpu\libc_nano.a
LOAD d:/truestudio/truestudio for arm 7.1.2/armtools/bin/../lib/gcc/arm-atollic-eabi/5.3.1/../../../../arm-atollic-eabi/lib/armv7e-m/fpu\libm.a
END GROUP
                0x00000080                malloc_getpagesize_P = 0x80
START GROUP
LOAD d:/truestudio/truestudio for arm 7.1.2/armtools/bin/../lib/gcc/arm-atollic-eabi/5.3.1/armv7e-m/fpu\libgcc.a
LOAD d:/truestudio/truestudio for arm 7.1.2/armtools/bin/../lib/gcc/arm-atollic-eabi/5.3.1/../../../../arm-atollic-eabi/lib/armv7e-m/fpu\libc_nano.a
END GROUP
START GROUP
LOAD d:/truestudio/truestudio for arm 7.1.2/armtools/bin/../lib/gcc/arm-atollic-eabi/5.3.1/armv7e-m/fpu\libgcc.a
LOAD d:/truestudio/truestudio for arm 7.1.2/armtools/bin/../lib/gcc/arm-atollic-eabi/5.3.1/../../../../arm-atollic-eabi/lib/armv7e-m/fpu\libc_nano.a
LOAD d:/truestudio/truestudio for arm 7.1.2/armtools/bin/../lib/gcc/arm-atollic-eabi/5.3.1/../../../../arm-atollic-eabi/lib/armv7e-m/fpu\libnosys.a
END GROUP
START GROUP
LOAD d:/truestudio/truestudio for arm 7.1.2/armtools/bin/../lib/gcc/arm-atollic-eabi/5.3.1/armv7e-m/fpu\libgcc.a
LOAD d:/truestudio/truestudio for arm 7.1.2/armtools/bin/../lib/gcc/arm-atollic-eabi/5.3.1/../../../../arm-atollic-eabi/lib/armv7e-m/fpu\libc_nano.a
LOAD d:/truestudio/truestudio for arm 7.1.2/armtools/bin/../lib/gcc/arm-atollic-eabi/5.3.1/../../../../arm-atollic-eabi/lib/armv7e-m/fpu\libnosys.a
END GROUP
LOAD d:/truestudio/truestudio for arm 7.1.2/armtools/bin/../lib/gcc/arm-atollic-eabi/5.3.1/armv7e-m/fpu/crtend.o
LOAD d:/truestudio/truestudio for arm 7.1.2/armtools/bin/../lib/gcc/arm-atollic-eabi/5.3.1/armv7e-m/fpu/crtn.o
                0x20018000                _estack = 0x20018000
                0x00000200                _Min_Heap_Size = 0x200
                0x00000400                _Min_Stack_Size = 0x400

.isr_vector     0x08000000      0x194
                0x08000000                . = ALIGN (0x4)
 *(.isr_vector)
 .isr_vector    0x08000000      0x194 startup\startup_stm32f401xe.o
                0x08000000                g_pfnVectors
                0x08000194                . = ALIGN (0x4)

.text           0x080001a0     0x4bb0
                0x080001a0                . = ALIGN (0x4)
 *(.text)
 .text          0x080001a0       0x40 d:/truestudio/truestudio for arm 7.1.2/armtools/bin/../lib/gcc/arm-atollic-eabi/5.3.1/armv7e-m/fpu/crtbegin.o
 .text          0x080001e0       0x10 d:/truestudio/truestudio for arm 7.1.2/armtools/bin/../lib/gcc/arm-atollic-eabi/5.3.1/../../../../arm-atollic-eabi/lib/armv7e-m/fpu\libc_nano.a(lib_a-strlen.o)
                0x080001e0                strlen
 .text          0x080001f0       0xa0 d:/truestudio/truestudio for arm 7.1.2/armtools/bin/../lib/gcc/arm-atollic-eabi/5.3.1/../../../../arm-atollic-eabi/lib/armv7e-m/fpu\libc_nano.a(lib_a-memchr.o)
                0x080001f0                memchr
 .text          0x08000290      0x370 d:/truestudio/truestudio for arm 7.1.2/armtools/bin/../lib/gcc/arm-atollic-eabi/5.3.1/armv7e-m/fpu\libgcc.a(_arm_addsubdf3.o)
                0x08000290                __aeabi_drsub
                0x08000298                __aeabi_dsub
                0x08000298                __subdf3
                0x0800029c                __aeabi_dadd
                0x0800029c                __adddf3
                0x08000514                __floatunsidf
                0x08000514                __aeabi_ui2d
                0x08000534                __floatsidf
                0x08000534                __aeabi_i2d
                0x08000558                __aeabi_f2d
                0x08000558                __extendsfdf2
                0x08000594                __floatundidf
                0x08000594                __aeabi_ul2d
                0x080005a4                __floatdidf
                0x080005a4                __aeabi_l2d
 .text          0x08000600      0x424 d:/truestudio/truestudio for arm 7.1.2/armtools/bin/../lib/gcc/arm-atollic-eabi/5.3.1/armv7e-m/fpu\libgcc.a(_arm_muldivdf3.o)
                0x08000600                __aeabi_dmul
                0x08000600                __muldf3
                0x08000854                __divdf3
                0x08000854                __aeabi_ddiv
 .text          0x08000a24      0x110 d:/truestudio/truestudio for arm 7.1.2/armtools/bin/../lib/gcc/arm-atollic-eabi/5.3.1/armv7e-m/fpu\libgcc.a(_arm_cmpdf2.o)
                0x08000a24                __gtdf2
                0x08000a24                __gedf2
                0x08000a2c                __ltdf2
                0x08000a2c                __ledf2
                0x08000a34                __nedf2
                0x08000a34                __eqdf2
                0x08000a34                __cmpdf2
                0x08000ab0                __aeabi_cdrcmple
                0x08000ac0                __aeabi_cdcmpeq
                0x08000ac0                __aeabi_cdcmple
                0x08000ad0                __aeabi_dcmpeq
                0x08000ae4                __aeabi_dcmplt
                0x08000af8                __aeabi_dcmple
                0x08000b0c                __aeabi_dcmpge
                0x08000b20                __aeabi_dcmpgt
 .text          0x08000b34       0x2c d:/truestudio/truestudio for arm 7.1.2/armtools/bin/../lib/gcc/arm-atollic-eabi/5.3.1/armv7e-m/fpu\libgcc.a(_arm_unorddf2.o)
                0x08000b34                __unorddf2
                0x08000b34                __aeabi_dcmpun
 .text          0x08000b60       0x50 d:/truestudio/truestudio for arm 7.1.2/armtools/bin/../lib/gcc/arm-atollic-eabi/5.3.1/armv7e-m/fpu\libgcc.a(_arm_fixdfsi.o)
                0x08000b60                __aeabi_d2iz
                0x08000b60                __fixdfsi
 *(.text*)
 .text.HAL_InitTick
                0x08000bb0       0x28 Drivers\STM32F4xx_HAL_Driver\Src\stm32f4xx_hal.o
                0x08000bb0                HAL_InitTick
 .text.HAL_Init
                0x08000bd8       0x34 Drivers\STM32F4xx_HAL_Driver\Src\stm32f4xx_hal.o
                0x08000bd8                HAL_Init
 .text.HAL_IncTick
                0x08000c0c       0x10 Drivers\STM32F4xx_HAL_Driver\Src\stm32f4xx_hal.o
                0x08000c0c                HAL_IncTick
 .text.HAL_GetTick
                0x08000c1c        0xc Drivers\STM32F4xx_HAL_Driver\Src\stm32f4xx_hal.o
                0x08000c1c                HAL_GetTick
 .text.HAL_Delay
                0x08000c28       0x20 Drivers\STM32F4xx_HAL_Driver\Src\stm32f4xx_hal.o
                0x08000c28                HAL_Delay
 .text.HAL_ADC_Init
                0x08000c48      0x154 Drivers\STM32F4xx_HAL_Driver\Src\stm32f4xx_hal_adc.o
                0x08000c48                HAL_ADC_Init
 .text.HAL_ADC_Start
                0x08000d9c       0xc0 Drivers\STM32F4xx_HAL_Driver\Src\stm32f4xx_hal_adc.o
                0x08000d9c                HAL_ADC_Start
 .text.HAL_ADC_Stop
                0x08000e5c       0x3c Drivers\STM32F4xx_HAL_Driver\Src\stm32f4xx_hal_adc.o
                0x08000e5c                HAL_ADC_Stop
 .text.HAL_ADC_PollForConversion
                0x08000e98       0xa0 Drivers\STM32F4xx_HAL_Driver\Src\stm32f4xx_hal_adc.o
                0x08000e98                HAL_ADC_PollForConversion
 .text.HAL_ADC_GetValue
                0x08000f38        0x6 Drivers\STM32F4xx_HAL_Driver\Src\stm32f4xx_hal_adc.o
                0x08000f38                HAL_ADC_GetValue
 *fill*         0x08000f3e        0x2 
 .text.HAL_ADC_ConfigChannel
                0x08000f40      0x12c Drivers\STM32F4xx_HAL_Driver\Src\stm32f4xx_hal_adc.o
                0x08000f40                HAL_ADC_ConfigChannel
 .text.HAL_NVIC_SetPriorityGrouping
                0x0800106c       0x24 Drivers\STM32F4xx_HAL_Driver\Src\stm32f4xx_hal_cortex.o
                0x0800106c                HAL_NVIC_SetPriorityGrouping
 .text.HAL_NVIC_SetPriority
                0x08001090       0x68 Drivers\STM32F4xx_HAL_Driver\Src\stm32f4xx_hal_cortex.o
                0x08001090                HAL_NVIC_SetPriority
 .text.HAL_NVIC_EnableIRQ
                0x080010f8       0x18 Drivers\STM32F4xx_HAL_Driver\Src\stm32f4xx_hal_cortex.o
                0x080010f8                HAL_NVIC_EnableIRQ
 .text.HAL_SYSTICK_Config
                0x08001110       0x2c Drivers\STM32F4xx_HAL_Driver\Src\stm32f4xx_hal_cortex.o
                0x08001110                HAL_SYSTICK_Config
 .text.HAL_SYSTICK_CLKSourceConfig
                0x0800113c       0x18 Drivers\STM32F4xx_HAL_Driver\Src\stm32f4xx_hal_cortex.o
                0x0800113c                HAL_SYSTICK_CLKSourceConfig
 .text.HAL_SYSTICK_Callback
                0x08001154        0x2 Drivers\STM32F4xx_HAL_Driver\Src\stm32f4xx_hal_cortex.o
                0x08001154                HAL_SYSTICK_Callback
 .text.HAL_SYSTICK_IRQHandler
                0x08001156        0x8 Drivers\STM32F4xx_HAL_Driver\Src\stm32f4xx_hal_cortex.o
                0x08001156                HAL_SYSTICK_IRQHandler
 *fill*         0x0800115e        0x2 
 .text.HAL_GPIO_Init
                0x08001160      0x19c Drivers\STM32F4xx_HAL_Driver\Src\stm32f4xx_hal_gpio.o
                0x08001160                HAL_GPIO_Init
 .text.HAL_GPIO_ReadPin
                0x080012fc        0xc Drivers\STM32F4xx_HAL_Driver\Src\stm32f4xx_hal_gpio.o
                0x080012fc                HAL_GPIO_ReadPin
 .text.HAL_GPIO_WritePin
                0x08001308        0x8 Drivers\STM32F4xx_HAL_Driver\Src\stm32f4xx_hal_gpio.o
                0x08001308                HAL_GPIO_WritePin
 .text.I2C_IsAcknowledgeFailed
                0x08001310       0x2a Drivers\STM32F4xx_HAL_Driver\Src\stm32f4xx_hal_i2c.o
 .text.I2C_WaitOnMasterAddressFlagUntilTimeout
                0x0800133a       0x82 Drivers\STM32F4xx_HAL_Driver\Src\stm32f4xx_hal_i2c.o
 .text.I2C_WaitOnFlagUntilTimeout
                0x080013bc       0x5e Drivers\STM32F4xx_HAL_Driver\Src\stm32f4xx_hal_i2c.o
 .text.I2C_WaitOnTXEFlagUntilTimeout
                0x0800141a       0x4c Drivers\STM32F4xx_HAL_Driver\Src\stm32f4xx_hal_i2c.o
 *fill*         0x08001466        0x2 
 .text.I2C_RequestMemoryRead
                0x08001468       0xf0 Drivers\STM32F4xx_HAL_Driver\Src\stm32f4xx_hal_i2c.o
 .text.I2C_WaitOnRXNEFlagUntilTimeout
                0x08001558       0x5a Drivers\STM32F4xx_HAL_Driver\Src\stm32f4xx_hal_i2c.o
 .text.I2C_WaitOnBTFFlagUntilTimeout
                0x080015b2       0x4c Drivers\STM32F4xx_HAL_Driver\Src\stm32f4xx_hal_i2c.o
 *fill*         0x080015fe        0x2 
 .text.HAL_I2C_Init
                0x08001600       0xdc Drivers\STM32F4xx_HAL_Driver\Src\stm32f4xx_hal_i2c.o
                0x08001600                HAL_I2C_Init
 .text.HAL_I2C_Master_Transmit
                0x080016dc      0x1b0 Drivers\STM32F4xx_HAL_Driver\Src\stm32f4xx_hal_i2c.o
                0x080016dc                HAL_I2C_Master_Transmit
 .text.HAL_I2C_Mem_Read
                0x0800188c      0x220 Drivers\STM32F4xx_HAL_Driver\Src\stm32f4xx_hal_i2c.o
                0x0800188c                HAL_I2C_Mem_Read
 .text.HAL_RCC_OscConfig
                0x08001aac      0x31c Drivers\STM32F4xx_HAL_Driver\Src\stm32f4xx_hal_rcc.o
                0x08001aac                HAL_RCC_OscConfig
 .text.HAL_RCC_GetSysClockFreq
                0x08001dc8       0x7c Drivers\STM32F4xx_HAL_Driver\Src\stm32f4xx_hal_rcc.o
                0x08001dc8                HAL_RCC_GetSysClockFreq
 .text.HAL_RCC_ClockConfig
                0x08001e44      0x168 Drivers\STM32F4xx_HAL_Driver\Src\stm32f4xx_hal_rcc.o
                0x08001e44                HAL_RCC_ClockConfig
 .text.HAL_RCC_GetHCLKFreq
                0x08001fac        0xc Drivers\STM32F4xx_HAL_Driver\Src\stm32f4xx_hal_rcc.o
                0x08001fac                HAL_RCC_GetHCLKFreq
 .text.HAL_RCC_GetPCLK1Freq
                0x08001fb8       0x30 Drivers\STM32F4xx_HAL_Driver\Src\stm32f4xx_hal_rcc.o
                0x08001fb8                HAL_RCC_GetPCLK1Freq
 .text.HAL_RCC_GetPCLK2Freq
                0x08001fe8       0x30 Drivers\STM32F4xx_HAL_Driver\Src\stm32f4xx_hal_rcc.o
                0x08001fe8                HAL_RCC_GetPCLK2Freq
 .text.TIM_OC1_SetConfig
                0x08002018       0x50 Drivers\STM32F4xx_HAL_Driver\Src\stm32f4xx_hal_tim.o
 .text.TIM_OC3_SetConfig
                0x08002068       0x58 Drivers\STM32F4xx_HAL_Driver\Src\stm32f4xx_hal_tim.o
 .text.TIM_OC4_SetConfig
                0x080020c0       0x44 Drivers\STM32F4xx_HAL_Driver\Src\stm32f4xx_hal_tim.o
 .text.HAL_TIM_Base_Start_IT
                0x08002104       0x16 Drivers\STM32F4xx_HAL_Driver\Src\stm32f4xx_hal_tim.o
                0x08002104                HAL_TIM_Base_Start_IT
 .text.HAL_TIM_Base_Stop_IT
                0x0800211a       0x2a Drivers\STM32F4xx_HAL_Driver\Src\stm32f4xx_hal_tim.o
                0x0800211a                HAL_TIM_Base_Stop_IT
 .text.HAL_TIM_PWM_MspInit
                0x08002144        0x2 Drivers\STM32F4xx_HAL_Driver\Src\stm32f4xx_hal_tim.o
                0x08002144                HAL_TIM_PWM_MspInit
 .text.HAL_TIM_PeriodElapsedCallback
                0x08002146        0x2 Drivers\STM32F4xx_HAL_Driver\Src\stm32f4xx_hal_tim.o
                0x08002146                HAL_TIM_PeriodElapsedCallback
 .text.HAL_TIM_OC_DelayElapsedCallback
                0x08002148        0x2 Drivers\STM32F4xx_HAL_Driver\Src\stm32f4xx_hal_tim.o
                0x08002148                HAL_TIM_OC_DelayElapsedCallback
 .text.HAL_TIM_IC_CaptureCallback
                0x0800214a        0x2 Drivers\STM32F4xx_HAL_Driver\Src\stm32f4xx_hal_tim.o
                0x0800214a                HAL_TIM_IC_CaptureCallback
 .text.HAL_TIM_PWM_PulseFinishedCallback
                0x0800214c        0x2 Drivers\STM32F4xx_HAL_Driver\Src\stm32f4xx_hal_tim.o
                0x0800214c                HAL_TIM_PWM_PulseFinishedCallback
 .text.HAL_TIM_TriggerCallback
                0x0800214e        0x2 Drivers\STM32F4xx_HAL_Driver\Src\stm32f4xx_hal_tim.o
                0x0800214e                HAL_TIM_TriggerCallback
 .text.HAL_TIM_IRQHandler
                0x08002150      0x144 Drivers\STM32F4xx_HAL_Driver\Src\stm32f4xx_hal_tim.o
                0x08002150                HAL_TIM_IRQHandler
 .text.TIM_Base_SetConfig
                0x08002294       0x98 Drivers\STM32F4xx_HAL_Driver\Src\stm32f4xx_hal_tim.o
                0x08002294                TIM_Base_SetConfig
 .text.HAL_TIM_Base_Init
                0x0800232c       0x34 Drivers\STM32F4xx_HAL_Driver\Src\stm32f4xx_hal_tim.o
                0x0800232c                HAL_TIM_Base_Init
 .text.HAL_TIM_PWM_Init
                0x08002360       0x34 Drivers\STM32F4xx_HAL_Driver\Src\stm32f4xx_hal_tim.o
                0x08002360                HAL_TIM_PWM_Init
 .text.TIM_OC2_SetConfig
                0x08002394       0x58 Drivers\STM32F4xx_HAL_Driver\Src\stm32f4xx_hal_tim.o
                0x08002394                TIM_OC2_SetConfig
 .text.HAL_TIM_PWM_ConfigChannel
                0x080023ec       0xc6 Drivers\STM32F4xx_HAL_Driver\Src\stm32f4xx_hal_tim.o
                0x080023ec                HAL_TIM_PWM_ConfigChannel
 .text.TIM_CCxChannelCmd
                0x080024b2       0x1a Drivers\STM32F4xx_HAL_Driver\Src\stm32f4xx_hal_tim.o
                0x080024b2                TIM_CCxChannelCmd
 .text.HAL_TIM_PWM_Start
                0x080024cc       0x2c Drivers\STM32F4xx_HAL_Driver\Src\stm32f4xx_hal_tim.o
                0x080024cc                HAL_TIM_PWM_Start
 .text.HAL_TIM_PWM_Stop
                0x080024f8       0x5c Drivers\STM32F4xx_HAL_Driver\Src\stm32f4xx_hal_tim.o
                0x080024f8                HAL_TIM_PWM_Stop
 .text.HAL_TIMEx_CommutationCallback
                0x08002554        0x2 Drivers\STM32F4xx_HAL_Driver\Src\stm32f4xx_hal_tim_ex.o
                0x08002554                HAL_TIMEx_CommutationCallback
 .text.HAL_TIMEx_BreakCallback
                0x08002556        0x2 Drivers\STM32F4xx_HAL_Driver\Src\stm32f4xx_hal_tim_ex.o
                0x08002556                HAL_TIMEx_BreakCallback
 .text.UART_SetConfig
                0x08002558      0x23c Drivers\STM32F4xx_HAL_Driver\Src\stm32f4xx_hal_uart.o
 .text.UART_WaitOnFlagUntilTimeout.constprop.3
                0x08002794       0x50 Drivers\STM32F4xx_HAL_Driver\Src\stm32f4xx_hal_uart.o
 .text.HAL_UART_Init
                0x080027e4       0x5c Drivers\STM32F4xx_HAL_Driver\Src\stm32f4xx_hal_uart.o
                0x080027e4                HAL_UART_Init
 .text.HAL_UART_Transmit
                0x08002840       0xbc Drivers\STM32F4xx_HAL_Driver\Src\stm32f4xx_hal_uart.o
                0x08002840                HAL_UART_Transmit
 .text.delay_us
                0x080028fc        0xc Src\delay.o
                0x080028fc                delay_us
 .text.TextLCD_Strobe
                0x08002908       0x2a Src\lcd.o
                0x08002908                TextLCD_Strobe
 .text.TextLCD_Cmd
                0x08002932       0x2a Src\lcd.o
                0x08002932                TextLCD_Cmd
 .text.TextLCD_Data
                0x0800295c       0x28 Src\lcd.o
                0x0800295c                TextLCD_Data
 .text.TextLCD_Init
                0x08002984       0x70 Src\lcd.o
                0x08002984                TextLCD_Init
 .text.TextLCD_Clear
                0x080029f4       0x2c Src\lcd.o
                0x080029f4                TextLCD_Clear
 .text.TextLCD_Position
                0x08002a20       0x1a Src\lcd.o
                0x08002a20                TextLCD_Position
 .text.TextLCD_Puts
                0x08002a3a       0x16 Src\lcd.o
                0x08002a3a                TextLCD_Puts
 .text.Read_Analog_Temp
                0x08002a50      0x100 Src\main.o
                0x08002a50                Read_Analog_Temp
 .text.activate_Deactivate
                0x08002b50      0x1bc Src\main.o
                0x08002b50                activate_Deactivate
 .text.sirenON  0x08002d0c       0x7c Src\main.o
                0x08002d0c                sirenON
 .text.SystemClock_Config
                0x08002d88       0xac Src\main.o
                0x08002d88                SystemClock_Config
 .text.activeBuzzer
                0x08002e34       0x2c Src\main.o
                0x08002e34                activeBuzzer
 .text.check_Code
                0x08002e60      0x5b0 Src\main.o
                0x08002e60                check_Code
 .text.countDown
                0x08003410      0x168 Src\main.o
                0x08003410                countDown
 .text.ADXL345_WriteRegister
                0x08003578       0x24 Src\main.o
                0x08003578                ADXL345_WriteRegister
 .text.ADXL345_readRegisters
                0x0800359c       0x28 Src\main.o
                0x0800359c                ADXL345_readRegisters
 .text.ADXL345_Init
                0x080035c4       0x26 Src\main.o
                0x080035c4                ADXL345_Init
 *fill*         0x080035ea        0x6 
 .text.ADXL345_Run
                0x080035f0       0xa4 Src\main.o
                0x080035f0                ADXL345_Run
 .text.knapp1   0x08003694       0x14 Src\main.o
                0x08003694                knapp1
 .text.knapp4   0x080036a8       0x14 Src\main.o
                0x080036a8                knapp4
 .text.knapp7   0x080036bc       0x14 Src\main.o
                0x080036bc                knapp7
 .text.knapp0   0x080036d0       0x14 Src\main.o
                0x080036d0                knapp0
 .text.knapp2   0x080036e4       0x14 Src\main.o
                0x080036e4                knapp2
 .text.knapp5   0x080036f8       0x14 Src\main.o
                0x080036f8                knapp5
 .text.knapp8   0x0800370c       0x14 Src\main.o
                0x0800370c                knapp8
 .text.knapp3   0x08003720       0x14 Src\main.o
                0x08003720                knapp3
 .text.knapp6   0x08003734       0x14 Src\main.o
                0x08003734                knapp6
 .text.knapp9   0x08003748       0x14 Src\main.o
                0x08003748                knapp9
 .text.knappD   0x0800375c       0x14 Src\main.o
                0x0800375c                knappD
 .text.knappA   0x08003770       0x14 Src\main.o
                0x08003770                knappA
 .text.knappB   0x08003784       0x14 Src\main.o
                0x08003784                knappB
 .text.knappC   0x08003798       0x14 Src\main.o
                0x08003798                knappC
 .text.setcolum1
                0x080037ac       0x38 Src\main.o
                0x080037ac                setcolum1
 .text.setcolum2
                0x080037e4       0x38 Src\main.o
                0x080037e4                setcolum2
 .text.setcolum3
                0x0800381c       0x38 Src\main.o
                0x0800381c                setcolum3
 .text.setcolum4
                0x08003854       0x38 Src\main.o
                0x08003854                setcolum4
 .text.scana_rad1
                0x0800388c       0x48 Src\main.o
                0x0800388c                scana_rad1
 .text.scana_rad2
                0x080038d4       0x50 Src\main.o
                0x080038d4                scana_rad2
 .text.scana_rad3
                0x08003924       0x48 Src\main.o
                0x08003924                scana_rad3
 .text.scana_rad4
                0x0800396c       0x50 Src\main.o
                0x0800396c                scana_rad4
 .text.scanna_knapp
                0x080039bc       0x24 Src\main.o
                0x080039bc                scanna_knapp
 .text.startup.main
                0x080039e0      0x340 Src\main.o
                0x080039e0                main
 .text.HAL_MspInit
                0x08003d20       0x60 Src\stm32f4xx_hal_msp.o
                0x08003d20                HAL_MspInit
 .text.HAL_ADC_MspInit
                0x08003d80       0x44 Src\stm32f4xx_hal_msp.o
                0x08003d80                HAL_ADC_MspInit
 .text.HAL_I2C_MspInit
                0x08003dc4       0x54 Src\stm32f4xx_hal_msp.o
                0x08003dc4                HAL_I2C_MspInit
 .text.HAL_TIM_Base_MspInit
                0x08003e18       0x64 Src\stm32f4xx_hal_msp.o
                0x08003e18                HAL_TIM_Base_MspInit
 .text.HAL_TIM_MspPostInit
                0x08003e7c       0x34 Src\stm32f4xx_hal_msp.o
                0x08003e7c                HAL_TIM_MspPostInit
 .text.HAL_UART_MspInit
                0x08003eb0       0x4c Src\stm32f4xx_hal_msp.o
                0x08003eb0                HAL_UART_MspInit
 .text.SysTick_Handler
                0x08003efc        0xe Src\stm32f4xx_it.o
                0x08003efc                SysTick_Handler
 *fill*         0x08003f0a        0x2 
 .text.TIM1_TRG_COM_TIM11_IRQHandler
                0x08003f0c       0x18 Src\stm32f4xx_it.o
                0x08003f0c                TIM1_TRG_COM_TIM11_IRQHandler
 .text.SystemInit
                0x08003f24       0x4c Src\system_stm32f4xx.o
                0x08003f24                SystemInit
 .text.Reset_Handler
                0x08003f70       0x50 startup\startup_stm32f401xe.o
                0x08003f70                Reset_Handler
 .text.Default_Handler
                0x08003fc0        0x2 startup\startup_stm32f401xe.o
                0x08003fc0                RTC_Alarm_IRQHandler
                0x08003fc0                EXTI2_IRQHandler
                0x08003fc0                DebugMon_Handler
                0x08003fc0                SPI4_IRQHandler
                0x08003fc0                TIM1_CC_IRQHandler
                0x08003fc0                DMA2_Stream5_IRQHandler
                0x08003fc0                HardFault_Handler
                0x08003fc0                DMA1_Stream5_IRQHandler
                0x08003fc0                PVD_IRQHandler
                0x08003fc0                SDIO_IRQHandler
                0x08003fc0                TAMP_STAMP_IRQHandler
                0x08003fc0                PendSV_Handler
                0x08003fc0                NMI_Handler
                0x08003fc0                EXTI3_IRQHandler
                0x08003fc0                TIM1_UP_TIM10_IRQHandler
                0x08003fc0                I2C3_ER_IRQHandler
                0x08003fc0                EXTI0_IRQHandler
                0x08003fc0                I2C2_EV_IRQHandler
                0x08003fc0                DMA1_Stream2_IRQHandler
                0x08003fc0                FPU_IRQHandler
                0x08003fc0                UsageFault_Handler
                0x08003fc0                DMA2_Stream2_IRQHandler
                0x08003fc0                SPI1_IRQHandler
                0x08003fc0                TIM1_BRK_TIM9_IRQHandler
                0x08003fc0                DMA2_Stream3_IRQHandler
                0x08003fc0                USART6_IRQHandler
                0x08003fc0                DMA2_Stream0_IRQHandler
                0x08003fc0                TIM4_IRQHandler
                0x08003fc0                I2C1_EV_IRQHandler
                0x08003fc0                DMA1_Stream6_IRQHandler
                0x08003fc0                DMA1_Stream1_IRQHandler
                0x08003fc0                TIM3_IRQHandler
                0x08003fc0                RCC_IRQHandler
                0x08003fc0                Default_Handler
                0x08003fc0                EXTI15_10_IRQHandler
                0x08003fc0                ADC_IRQHandler
                0x08003fc0                DMA1_Stream7_IRQHandler
                0x08003fc0                TIM5_IRQHandler
                0x08003fc0                DMA2_Stream7_IRQHandler
                0x08003fc0                I2C3_EV_IRQHandler
                0x08003fc0                EXTI9_5_IRQHandler
                0x08003fc0                RTC_WKUP_IRQHandler
                0x08003fc0                SPI2_IRQHandler
                0x08003fc0                MemManage_Handler
                0x08003fc0                DMA1_Stream0_IRQHandler
                0x08003fc0                SVC_Handler
                0x08003fc0                EXTI4_IRQHandler
                0x08003fc0                WWDG_IRQHandler
                0x08003fc0                TIM2_IRQHandler
                0x08003fc0                OTG_FS_WKUP_IRQHandler
                0x08003fc0                EXTI1_IRQHandler
                0x08003fc0                USART2_IRQHandler
                0x08003fc0                I2C2_ER_IRQHandler
                0x08003fc0                DMA2_Stream1_IRQHandler
                0x08003fc0                FLASH_IRQHandler
                0x08003fc0                DMA2_Stream4_IRQHandler
                0x08003fc0                BusFault_Handler
                0x08003fc0                USART1_IRQHandler
                0x08003fc0                OTG_FS_IRQHandler
                0x08003fc0                SPI3_IRQHandler
                0x08003fc0                DMA1_Stream4_IRQHandler
                0x08003fc0                I2C1_ER_IRQHandler
                0x08003fc0                DMA2_Stream6_IRQHandler
                0x08003fc0                DMA1_Stream3_IRQHandler
 *fill*         0x08003fc2        0x2 
 .text.__libc_init_array
                0x08003fc4       0x4c d:/truestudio/truestudio for arm 7.1.2/armtools/bin/../lib/gcc/arm-atollic-eabi/5.3.1/../../../../arm-atollic-eabi/lib/armv7e-m/fpu\libc_nano.a(lib_a-init.o)
                0x08003fc4                __libc_init_array
 .text.sprintf  0x08004010       0x48 d:/truestudio/truestudio for arm 7.1.2/armtools/bin/../lib/gcc/arm-atollic-eabi/5.3.1/../../../../arm-atollic-eabi/lib/armv7e-m/fpu\libc_nano.a(lib_a-sprintf.o)
                0x08004010                siprintf
                0x08004010                sprintf
 .text.strcpy   0x08004058       0x10 d:/truestudio/truestudio for arm 7.1.2/armtools/bin/../lib/gcc/arm-atollic-eabi/5.3.1/../../../../arm-atollic-eabi/lib/armv7e-m/fpu\libc_nano.a(lib_a-strcpy.o)
                0x08004058                strcpy
 .text.__ssputs_r
                0x08004068       0xb2 d:/truestudio/truestudio for arm 7.1.2/armtools/bin/../lib/gcc/arm-atollic-eabi/5.3.1/../../../../arm-atollic-eabi/lib/armv7e-m/fpu\libc_nano.a(lib_a-nano-svfprintf.o)
                0x08004068                __ssputs_r
 *fill*         0x0800411a        0x2 
 .text._svfprintf_r
                0x0800411c      0x1e8 d:/truestudio/truestudio for arm 7.1.2/armtools/bin/../lib/gcc/arm-atollic-eabi/5.3.1/../../../../arm-atollic-eabi/lib/armv7e-m/fpu\libc_nano.a(lib_a-nano-svfprintf.o)
                0x0800411c                _svfiprintf_r
                0x0800411c                _svfprintf_r
 .text._printf_common
                0x08004304       0xec d:/truestudio/truestudio for arm 7.1.2/armtools/bin/../lib/gcc/arm-atollic-eabi/5.3.1/../../../../arm-atollic-eabi/lib/armv7e-m/fpu\libc_nano.a(lib_a-nano-vfprintf_i.o)
                0x08004304                _printf_common
 .text._printf_i
                0x080043f0      0x24c d:/truestudio/truestudio for arm 7.1.2/armtools/bin/../lib/gcc/arm-atollic-eabi/5.3.1/../../../../arm-atollic-eabi/lib/armv7e-m/fpu\libc_nano.a(lib_a-nano-vfprintf_i.o)
                0x080043f0                _printf_i
 .text.memcpy   0x0800463c       0x16 d:/truestudio/truestudio for arm 7.1.2/armtools/bin/../lib/gcc/arm-atollic-eabi/5.3.1/../../../../arm-atollic-eabi/lib/armv7e-m/fpu\libc_nano.a(lib_a-memcpy-stub.o)
                0x0800463c                memcpy
 .text.memmove  0x08004652       0x36 d:/truestudio/truestudio for arm 7.1.2/armtools/bin/../lib/gcc/arm-atollic-eabi/5.3.1/../../../../arm-atollic-eabi/lib/armv7e-m/fpu\libc_nano.a(lib_a-memmove.o)
                0x08004652                memmove
 .text._free_r  0x08004688       0x9c d:/truestudio/truestudio for arm 7.1.2/armtools/bin/../lib/gcc/arm-atollic-eabi/5.3.1/../../../../arm-atollic-eabi/lib/armv7e-m/fpu\libc_nano.a(lib_a-nano-freer.o)
                0x08004688                _free_r
 .text._malloc_r
                0x08004724       0xbc d:/truestudio/truestudio for arm 7.1.2/armtools/bin/../lib/gcc/arm-atollic-eabi/5.3.1/../../../../arm-atollic-eabi/lib/armv7e-m/fpu\libc_nano.a(lib_a-nano-mallocr.o)
                0x08004724                _malloc_r
 .text._realloc_r
                0x080047e0       0x4c d:/truestudio/truestudio for arm 7.1.2/armtools/bin/../lib/gcc/arm-atollic-eabi/5.3.1/../../../../arm-atollic-eabi/lib/armv7e-m/fpu\libc_nano.a(lib_a-nano-reallocr.o)
                0x080047e0                _realloc_r
 .text._sbrk_r  0x0800482c       0x20 d:/truestudio/truestudio for arm 7.1.2/armtools/bin/../lib/gcc/arm-atollic-eabi/5.3.1/../../../../arm-atollic-eabi/lib/armv7e-m/fpu\libc_nano.a(lib_a-sbrkr.o)
                0x0800482c                _sbrk_r
 .text.__malloc_lock
                0x0800484c        0x2 d:/truestudio/truestudio for arm 7.1.2/armtools/bin/../lib/gcc/arm-atollic-eabi/5.3.1/../../../../arm-atollic-eabi/lib/armv7e-m/fpu\libc_nano.a(lib_a-mlock.o)
                0x0800484c                __malloc_lock
 .text.__malloc_unlock
                0x0800484e        0x2 d:/truestudio/truestudio for arm 7.1.2/armtools/bin/../lib/gcc/arm-atollic-eabi/5.3.1/../../../../arm-atollic-eabi/lib/armv7e-m/fpu\libc_nano.a(lib_a-mlock.o)
                0x0800484e                __malloc_unlock
 .text._malloc_usable_size_r
                0x08004850       0x14 d:/truestudio/truestudio for arm 7.1.2/armtools/bin/../lib/gcc/arm-atollic-eabi/5.3.1/../../../../arm-atollic-eabi/lib/armv7e-m/fpu\libc_nano.a(lib_a-nano-msizer.o)
                0x08004850                _malloc_usable_size_r
 .text.log      0x08004864       0xfc d:/truestudio/truestudio for arm 7.1.2/armtools/bin/../lib/gcc/arm-atollic-eabi/5.3.1/../../../../arm-atollic-eabi/lib/armv7e-m/fpu\libm.a(lib_a-w_log.o)
                0x08004864                log
 .text.__ieee754_log
                0x08004960      0x39c d:/truestudio/truestudio for arm 7.1.2/armtools/bin/../lib/gcc/arm-atollic-eabi/5.3.1/../../../../arm-atollic-eabi/lib/armv7e-m/fpu\libm.a(lib_a-e_log.o)
                0x08004960                __ieee754_log
 .text.matherr  0x08004cfc        0x4 d:/truestudio/truestudio for arm 7.1.2/armtools/bin/../lib/gcc/arm-atollic-eabi/5.3.1/../../../../arm-atollic-eabi/lib/armv7e-m/fpu\libm.a(lib_a-s_matherr.o)
                0x08004cfc                matherr
 .text.nan      0x08004d00       0x10 d:/truestudio/truestudio for arm 7.1.2/armtools/bin/../lib/gcc/arm-atollic-eabi/5.3.1/../../../../arm-atollic-eabi/lib/armv7e-m/fpu\libm.a(lib_a-s_nan.o)
                0x08004d00                nan
 .text.__errno  0x08004d10        0xc d:/truestudio/truestudio for arm 7.1.2/armtools/bin/../lib/gcc/arm-atollic-eabi/5.3.1/../../../../arm-atollic-eabi/lib/armv7e-m/fpu\libc_nano.a(lib_a-errno.o)
                0x08004d10                __errno
 .text._sbrk    0x08004d1c       0x1c d:/truestudio/truestudio for arm 7.1.2/armtools/bin/../lib/gcc/arm-atollic-eabi/5.3.1/../../../../arm-atollic-eabi/lib/armv7e-m/fpu\libnosys.a(sbrk.o)
                0x08004d1c                _sbrk
 *(.glue_7)
 .glue_7        0x08004d38        0x0 linker stubs
 *(.glue_7t)
 .glue_7t       0x08004d38        0x0 linker stubs
 *(.eh_frame)
 .eh_frame      0x08004d38        0x0 d:/truestudio/truestudio for arm 7.1.2/armtools/bin/../lib/gcc/arm-atollic-eabi/5.3.1/armv7e-m/fpu/crtbegin.o
 *(.init)
 .init          0x08004d38        0x4 d:/truestudio/truestudio for arm 7.1.2/armtools/bin/../lib/gcc/arm-atollic-eabi/5.3.1/armv7e-m/fpu/crti.o
                0x08004d38                _init
 .init          0x08004d3c        0x8 d:/truestudio/truestudio for arm 7.1.2/armtools/bin/../lib/gcc/arm-atollic-eabi/5.3.1/armv7e-m/fpu/crtn.o
 *(.fini)
 .fini          0x08004d44        0x4 d:/truestudio/truestudio for arm 7.1.2/armtools/bin/../lib/gcc/arm-atollic-eabi/5.3.1/armv7e-m/fpu/crti.o
                0x08004d44                _fini
 .fini          0x08004d48        0x8 d:/truestudio/truestudio for arm 7.1.2/armtools/bin/../lib/gcc/arm-atollic-eabi/5.3.1/armv7e-m/fpu/crtn.o
                0x08004d50                . = ALIGN (0x4)
                0x08004d50                _etext = .

.vfp11_veneer   0x08004d50        0x0
 .vfp11_veneer  0x08004d50        0x0 linker stubs

.v4_bx          0x08004d50        0x0
 .v4_bx         0x08004d50        0x0 linker stubs

.iplt           0x08004d50        0x0
 .iplt          0x08004d50        0x0 d:/truestudio/truestudio for arm 7.1.2/armtools/bin/../lib/gcc/arm-atollic-eabi/5.3.1/armv7e-m/fpu/crtbegin.o

.rodata         0x08004d50      0x120
                0x08004d50                . = ALIGN (0x4)
 *(.rodata)
 *(.rodata*)
 .rodata.str1.1
                0x08004d50       0xce Src\main.o
                                 0xd6 (size before relaxing)
 .rodata.AHBPrescTable
                0x08004e1e       0x10 Src\system_stm32f4xx.o
                0x08004e1e                AHBPrescTable
 .rodata.APBPrescTable
                0x08004e2e        0x8 Src\system_stm32f4xx.o
                0x08004e2e                APBPrescTable
 .rodata.str1.1
                0x08004e36       0xce d:/truestudio/truestudio for arm 7.1.2/armtools/bin/../lib/gcc/arm-atollic-eabi/5.3.1/../../../../arm-atollic-eabi/lib/armv7e-m/fpu\libc_nano.a(lib_a-impure.o)
                                  0x2 (size before relaxing)
 .rodata.str1.1
                0x08004e36       0x11 d:/truestudio/truestudio for arm 7.1.2/armtools/bin/../lib/gcc/arm-atollic-eabi/5.3.1/../../../../arm-atollic-eabi/lib/armv7e-m/fpu\libc_nano.a(lib_a-nano-svfprintf.o)
 .rodata.str1.1
                0x08004e47       0x22 d:/truestudio/truestudio for arm 7.1.2/armtools/bin/../lib/gcc/arm-atollic-eabi/5.3.1/../../../../arm-atollic-eabi/lib/armv7e-m/fpu\libc_nano.a(lib_a-nano-vfprintf_i.o)
 .rodata.str1.1
                0x08004e69        0x4 d:/truestudio/truestudio for arm 7.1.2/armtools/bin/../lib/gcc/arm-atollic-eabi/5.3.1/../../../../arm-atollic-eabi/lib/armv7e-m/fpu\libm.a(lib_a-w_log.o)
                                  0x5 (size before relaxing)
                0x08004f04                . = ALIGN (0x4)
 *fill*         0x08004e6d        0x3 

.rel.dyn        0x08004e70        0x0
 .rel.iplt      0x08004e70        0x0 d:/truestudio/truestudio for arm 7.1.2/armtools/bin/../lib/gcc/arm-atollic-eabi/5.3.1/armv7e-m/fpu/crtbegin.o

.ARM.extab
 *(.ARM.extab* .gnu.linkonce.armextab.*)

.ARM            0x08004e70        0x0
                0x08004e70                __exidx_start = .
 *(.ARM.exidx*)
                0x08004e70                __exidx_end = .

.preinit_array  0x08004e70        0x0
                0x08004e70                PROVIDE (__preinit_array_start, .)
 *(.preinit_array*)
                0x08004e70                PROVIDE (__preinit_array_end, .)

.init_array     0x08004e70        0x4
                0x08004e70                PROVIDE (__init_array_start, .)
 *(SORT(.init_array.*))
 *(.init_array*)
 .init_array    0x08004e70        0x4 d:/truestudio/truestudio for arm 7.1.2/armtools/bin/../lib/gcc/arm-atollic-eabi/5.3.1/armv7e-m/fpu/crtbegin.o
                0x08004e74                PROVIDE (__init_array_end, .)

.fini_array     0x08004e74        0x4
                [!provide]                PROVIDE (__fini_array_start, .)
 *(SORT(.fini_array.*))
 *(.fini_array*)
 .fini_array    0x08004e74        0x4 d:/truestudio/truestudio for arm 7.1.2/armtools/bin/../lib/gcc/arm-atollic-eabi/5.3.1/armv7e-m/fpu/crtbegin.o
                [!provide]                PROVIDE (__fini_array_end, .)
                0x08004e78                _sidata = LOADADDR (.data)

.data           0x20000000       0x80 load address 0x08004e78
                0x20000000                . = ALIGN (0x4)
                0x20000000                _sdata = .
 *(.data)
 *(.data*)
 .data.set_Temp
                0x20000000        0x4 Src\main.o
                0x20000000                set_Temp
 .data.ARM_DISARM_flag
                0x20000004        0x4 Src\main.o
                0x20000004                ARM_DISARM_flag
 .data.svar     0x20000008        0x4 Src\main.o
                0x20000008                svar
 .data.set_Threshold
                0x2000000c        0x4 Src\main.o
                0x2000000c                set_Threshold
 .data.sec10    0x20000010        0x4 Src\main.o
                0x20000010                sec10
 .data.SystemCoreClock
                0x20000014        0x4 Src\system_stm32f4xx.o
                0x20000014                SystemCoreClock
 .data.impure_data
                0x20000018       0x60 d:/truestudio/truestudio for arm 7.1.2/armtools/bin/../lib/gcc/arm-atollic-eabi/5.3.1/../../../../arm-atollic-eabi/lib/armv7e-m/fpu\libc_nano.a(lib_a-impure.o)
 .data._impure_ptr
                0x20000078        0x4 d:/truestudio/truestudio for arm 7.1.2/armtools/bin/../lib/gcc/arm-atollic-eabi/5.3.1/../../../../arm-atollic-eabi/lib/armv7e-m/fpu\libc_nano.a(lib_a-impure.o)
                0x20000078                _impure_ptr
 .data.__fdlib_version
                0x2000007c        0x1 d:/truestudio/truestudio for arm 7.1.2/armtools/bin/../lib/gcc/arm-atollic-eabi/5.3.1/../../../../arm-atollic-eabi/lib/armv7e-m/fpu\libm.a(lib_a-s_lib_ver.o)
                0x2000007c                __fdlib_version
                0x20000080                . = ALIGN (0x4)
 *fill*         0x2000007d        0x3 
                0x20000080                _edata = .

.igot.plt       0x20000080        0x0 load address 0x08004ef8
 .igot.plt      0x20000080        0x0 d:/truestudio/truestudio for arm 7.1.2/armtools/bin/../lib/gcc/arm-atollic-eabi/5.3.1/armv7e-m/fpu/crtbegin.o
                0x20000080                . = ALIGN (0x4)

.bss            0x20000080      0x290 load address 0x08004ef8
                0x20000080                _sbss = .
                0x20000080                __bss_start__ = _sbss
 *(.bss)
 .bss           0x20000080       0x1c d:/truestudio/truestudio for arm 7.1.2/armtools/bin/../lib/gcc/arm-atollic-eabi/5.3.1/armv7e-m/fpu/crtbegin.o
 *(.bss*)
 .bss.check_sek
                0x2000009c        0x4 Src\main.o
                0x2000009c                check_sek
 .bss.threshold1
                0x200000a0        0x4 Src\main.o
                0x200000a0                threshold1
 .bss.volym     0x200000a4        0x4 Src\main.o
                0x200000a4                volym
 .bss.alarm     0x200000a8        0x4 Src\main.o
                0x200000a8                alarm
 .bss.set_Threshold_Flag
                0x200000ac        0x4 Src\main.o
                0x200000ac                set_Threshold_Flag
 .bss.state     0x200000b0        0x1 Src\main.o
                0x200000b0                state
 *fill*         0x200000b1        0x3 
 .bss.temp1     0x200000b4        0x4 Src\main.o
                0x200000b4                temp1
 .bss.activate_deactivate
                0x200000b8        0x4 Src\main.o
                0x200000b8                activate_deactivate
 .bss.PIR       0x200000bc        0x4 Src\main.o
                0x200000bc                PIR
 .bss.threshold2
                0x200000c0        0x4 Src\main.o
                0x200000c0                threshold2
 .bss.threshold3
                0x200000c4        0x4 Src\main.o
                0x200000c4                threshold3
 .bss.timer     0x200000c8        0x4 Src\main.o
                0x200000c8                timer
 .bss.sec       0x200000cc        0x4 Src\main.o
                0x200000cc                sec
 .bss.set_Temp_Flag
                0x200000d0        0x4 Src\main.o
                0x200000d0                set_Temp_Flag
 .bss.temp10    0x200000d4        0x4 Src\main.o
                0x200000d4                temp10
 .bss.sekTick   0x200000d8        0x4 Src\stm32f4xx_it.o
                0x200000d8                sekTick
 .bss.__malloc_sbrk_start
                0x200000dc        0x4 d:/truestudio/truestudio for arm 7.1.2/armtools/bin/../lib/gcc/arm-atollic-eabi/5.3.1/../../../../arm-atollic-eabi/lib/armv7e-m/fpu\libc_nano.a(lib_a-nano-mallocr.o)
                0x200000dc                __malloc_sbrk_start
 .bss.__malloc_free_list
                0x200000e0        0x4 d:/truestudio/truestudio for arm 7.1.2/armtools/bin/../lib/gcc/arm-atollic-eabi/5.3.1/../../../../arm-atollic-eabi/lib/armv7e-m/fpu\libc_nano.a(lib_a-nano-mallocr.o)
                0x200000e0                __malloc_free_list
 .bss.heap_end.4169
                0x200000e4        0x4 d:/truestudio/truestudio for arm 7.1.2/armtools/bin/../lib/gcc/arm-atollic-eabi/5.3.1/../../../../arm-atollic-eabi/lib/armv7e-m/fpu\libnosys.a(sbrk.o)
 *(COMMON)
 COMMON         0x200000e8        0x4 Drivers\STM32F4xx_HAL_Driver\Src\stm32f4xx_hal.o
                0x200000e8                uwTick
 COMMON         0x200000ec      0x220 Src\main.o
                0x200000ec                lcd
                0x20000100                x
                0x20000104                hi2c1
                0x20000158                htim10
                0x20000194                lcdTime
                0x20000198                channel_0
                0x2000019c                vOut
                0x200001a0                string
                0x200001d4                temp
                0x200001d8                zg
                0x200001dc                set_z
                0x200001e0                z
                0x200001e4                hadc1
                0x2000022c                check
                0x20000230                htim11
                0x2000026c                check_set
                0x20000270                knapp
                0x20000274                y
                0x20000278                set_x
                0x2000027c                recistance
                0x20000280                huart2
                0x200002c0                str
                0x200002f4                yg
                0x200002f8                temprature
                0x200002fc                data_rec
                0x20000304                set_y
                0x20000308                xg
 COMMON         0x2000030c        0x4 d:/truestudio/truestudio for arm 7.1.2/armtools/bin/../lib/gcc/arm-atollic-eabi/5.3.1/../../../../arm-atollic-eabi/lib/armv7e-m/fpu\libc_nano.a(lib_a-reent.o)
                0x2000030c                errno
                0x20000310                . = ALIGN (0x4)
                0x20000310                _ebss = .
                0x20000310                __bss_end__ = _ebss

._user_heap_stack
                0x20000310      0x600 load address 0x08004ef8
                0x20000310                . = ALIGN (0x4)
                0x20000310                PROVIDE (end, .)
                [!provide]                PROVIDE (_end, .)
                0x20000510                . = (. + _Min_Heap_Size)
 *fill*         0x20000310      0x200 
                0x20000910                . = (. + _Min_Stack_Size)
 *fill*         0x20000510      0x400 
                0x20000910                . = ALIGN (0x4)

/DISCARD/
 libc.a(*)
 libm.a(*)
 libgcc.a(*)

.ARM.attributes
                0x00000000       0x30
 *(.ARM.attributes)
 .ARM.attributes
                0x00000000       0x22 d:/truestudio/truestudio for arm 7.1.2/armtools/bin/../lib/gcc/arm-atollic-eabi/5.3.1/armv7e-m/fpu/crti.o
 .ARM.attributes
                0x00000022       0x34 d:/truestudio/truestudio for arm 7.1.2/armtools/bin/../lib/gcc/arm-atollic-eabi/5.3.1/armv7e-m/fpu/crtbegin.o
 .ARM.attributes
                0x00000056       0x39 Drivers\STM32F4xx_HAL_Driver\Src\stm32f4xx_hal.o
 .ARM.attributes
                0x0000008f       0x39 Drivers\STM32F4xx_HAL_Driver\Src\stm32f4xx_hal_adc.o
 .ARM.attributes
                0x000000c8       0x39 Drivers\STM32F4xx_HAL_Driver\Src\stm32f4xx_hal_cortex.o
 .ARM.attributes
                0x00000101       0x39 Drivers\STM32F4xx_HAL_Driver\Src\stm32f4xx_hal_gpio.o
 .ARM.attributes
                0x0000013a       0x39 Drivers\STM32F4xx_HAL_Driver\Src\stm32f4xx_hal_i2c.o
 .ARM.attributes
                0x00000173       0x39 Drivers\STM32F4xx_HAL_Driver\Src\stm32f4xx_hal_rcc.o
 .ARM.attributes
                0x000001ac       0x39 Drivers\STM32F4xx_HAL_Driver\Src\stm32f4xx_hal_tim.o
 .ARM.attributes
                0x000001e5       0x39 Drivers\STM32F4xx_HAL_Driver\Src\stm32f4xx_hal_tim_ex.o
 .ARM.attributes
                0x0000021e       0x39 Drivers\STM32F4xx_HAL_Driver\Src\stm32f4xx_hal_uart.o
 .ARM.attributes
                0x00000257       0x39 Src\delay.o
 .ARM.attributes
                0x00000290       0x39 Src\lcd.o
 .ARM.attributes
                0x000002c9       0x39 Src\main.o
 .ARM.attributes
                0x00000302       0x39 Src\stm32f4xx_hal_msp.o
 .ARM.attributes
                0x0000033b       0x39 Src\stm32f4xx_it.o
 .ARM.attributes
                0x00000374       0x39 Src\system_stm32f4xx.o
 .ARM.attributes
                0x000003ad       0x21 startup\startup_stm32f401xe.o
 .ARM.attributes
                0x000003ce       0x34 d:/truestudio/truestudio for arm 7.1.2/armtools/bin/../lib/gcc/arm-atollic-eabi/5.3.1/../../../../arm-atollic-eabi/lib/armv7e-m/fpu\libc_nano.a(lib_a-init.o)
 .ARM.attributes
                0x00000402       0x34 d:/truestudio/truestudio for arm 7.1.2/armtools/bin/../lib/gcc/arm-atollic-eabi/5.3.1/../../../../arm-atollic-eabi/lib/armv7e-m/fpu\libc_nano.a(lib_a-sprintf.o)
 .ARM.attributes
                0x00000436       0x34 d:/truestudio/truestudio for arm 7.1.2/armtools/bin/../lib/gcc/arm-atollic-eabi/5.3.1/../../../../arm-atollic-eabi/lib/armv7e-m/fpu\libc_nano.a(lib_a-strcpy.o)
 .ARM.attributes
                0x0000046a       0x1b d:/truestudio/truestudio for arm 7.1.2/armtools/bin/../lib/gcc/arm-atollic-eabi/5.3.1/../../../../arm-atollic-eabi/lib/armv7e-m/fpu\libc_nano.a(lib_a-strlen.o)
 .ARM.attributes
                0x00000485       0x34 d:/truestudio/truestudio for arm 7.1.2/armtools/bin/../lib/gcc/arm-atollic-eabi/5.3.1/../../../../arm-atollic-eabi/lib/armv7e-m/fpu\libc_nano.a(lib_a-impure.o)
 .ARM.attributes
                0x000004b9       0x34 d:/truestudio/truestudio for arm 7.1.2/armtools/bin/../lib/gcc/arm-atollic-eabi/5.3.1/../../../../arm-atollic-eabi/lib/armv7e-m/fpu\libc_nano.a(lib_a-nano-svfprintf.o)
 .ARM.attributes
                0x000004ed       0x34 d:/truestudio/truestudio for arm 7.1.2/armtools/bin/../lib/gcc/arm-atollic-eabi/5.3.1/../../../../arm-atollic-eabi/lib/armv7e-m/fpu\libc_nano.a(lib_a-nano-vfprintf_i.o)
 .ARM.attributes
                0x00000521       0x20 d:/truestudio/truestudio for arm 7.1.2/armtools/bin/../lib/gcc/arm-atollic-eabi/5.3.1/../../../../arm-atollic-eabi/lib/armv7e-m/fpu\libc_nano.a(lib_a-memchr.o)
 .ARM.attributes
                0x00000541       0x34 d:/truestudio/truestudio for arm 7.1.2/armtools/bin/../lib/gcc/arm-atollic-eabi/5.3.1/../../../../arm-atollic-eabi/lib/armv7e-m/fpu\libc_nano.a(lib_a-memcpy-stub.o)
 .ARM.attributes
                0x00000575       0x34 d:/truestudio/truestudio for arm 7.1.2/armtools/bin/../lib/gcc/arm-atollic-eabi/5.3.1/../../../../arm-atollic-eabi/lib/armv7e-m/fpu\libc_nano.a(lib_a-memmove.o)
 .ARM.attributes
                0x000005a9       0x34 d:/truestudio/truestudio for arm 7.1.2/armtools/bin/../lib/gcc/arm-atollic-eabi/5.3.1/../../../../arm-atollic-eabi/lib/armv7e-m/fpu\libc_nano.a(lib_a-nano-freer.o)
 .ARM.attributes
                0x000005dd       0x34 d:/truestudio/truestudio for arm 7.1.2/armtools/bin/../lib/gcc/arm-atollic-eabi/5.3.1/../../../../arm-atollic-eabi/lib/armv7e-m/fpu\libc_nano.a(lib_a-nano-mallocr.o)
 .ARM.attributes
                0x00000611       0x34 d:/truestudio/truestudio for arm 7.1.2/armtools/bin/../lib/gcc/arm-atollic-eabi/5.3.1/../../../../arm-atollic-eabi/lib/armv7e-m/fpu\libc_nano.a(lib_a-nano-reallocr.o)
 .ARM.attributes
                0x00000645       0x34 d:/truestudio/truestudio for arm 7.1.2/armtools/bin/../lib/gcc/arm-atollic-eabi/5.3.1/../../../../arm-atollic-eabi/lib/armv7e-m/fpu\libc_nano.a(lib_a-sbrkr.o)
 .ARM.attributes
                0x00000679       0x34 d:/truestudio/truestudio for arm 7.1.2/armtools/bin/../lib/gcc/arm-atollic-eabi/5.3.1/../../../../arm-atollic-eabi/lib/armv7e-m/fpu\libc_nano.a(lib_a-mlock.o)
 .ARM.attributes
                0x000006ad       0x34 d:/truestudio/truestudio for arm 7.1.2/armtools/bin/../lib/gcc/arm-atollic-eabi/5.3.1/../../../../arm-atollic-eabi/lib/armv7e-m/fpu\libc_nano.a(lib_a-nano-msizer.o)
 .ARM.attributes
                0x000006e1       0x34 d:/truestudio/truestudio for arm 7.1.2/armtools/bin/../lib/gcc/arm-atollic-eabi/5.3.1/../../../../arm-atollic-eabi/lib/armv7e-m/fpu\libc_nano.a(lib_a-reent.o)
 .ARM.attributes
                0x00000715       0x34 d:/truestudio/truestudio for arm 7.1.2/armtools/bin/../lib/gcc/arm-atollic-eabi/5.3.1/../../../../arm-atollic-eabi/lib/armv7e-m/fpu\libm.a(lib_a-w_log.o)
 .ARM.attributes
                0x00000749       0x34 d:/truestudio/truestudio for arm 7.1.2/armtools/bin/../lib/gcc/arm-atollic-eabi/5.3.1/../../../../arm-atollic-eabi/lib/armv7e-m/fpu\libm.a(lib_a-e_log.o)
 .ARM.attributes
                0x0000077d       0x34 d:/truestudio/truestudio for arm 7.1.2/armtools/bin/../lib/gcc/arm-atollic-eabi/5.3.1/../../../../arm-atollic-eabi/lib/armv7e-m/fpu\libm.a(lib_a-s_lib_ver.o)
 .ARM.attributes
                0x000007b1       0x34 d:/truestudio/truestudio for arm 7.1.2/armtools/bin/../lib/gcc/arm-atollic-eabi/5.3.1/../../../../arm-atollic-eabi/lib/armv7e-m/fpu\libm.a(lib_a-s_matherr.o)
 .ARM.attributes
                0x000007e5       0x34 d:/truestudio/truestudio for arm 7.1.2/armtools/bin/../lib/gcc/arm-atollic-eabi/5.3.1/../../../../arm-atollic-eabi/lib/armv7e-m/fpu\libm.a(lib_a-s_nan.o)
 .ARM.attributes
                0x00000819       0x34 d:/truestudio/truestudio for arm 7.1.2/armtools/bin/../lib/gcc/arm-atollic-eabi/5.3.1/../../../../arm-atollic-eabi/lib/armv7e-m/fpu\libc_nano.a(lib_a-errno.o)
 .ARM.attributes
                0x0000084d       0x22 d:/truestudio/truestudio for arm 7.1.2/armtools/bin/../lib/gcc/arm-atollic-eabi/5.3.1/armv7e-m/fpu\libgcc.a(_arm_addsubdf3.o)
 .ARM.attributes
                0x0000086f       0x22 d:/truestudio/truestudio for arm 7.1.2/armtools/bin/../lib/gcc/arm-atollic-eabi/5.3.1/armv7e-m/fpu\libgcc.a(_arm_muldivdf3.o)
 .ARM.attributes
                0x00000891       0x22 d:/truestudio/truestudio for arm 7.1.2/armtools/bin/../lib/gcc/arm-atollic-eabi/5.3.1/armv7e-m/fpu\libgcc.a(_arm_cmpdf2.o)
 .ARM.attributes
                0x000008b3       0x22 d:/truestudio/truestudio for arm 7.1.2/armtools/bin/../lib/gcc/arm-atollic-eabi/5.3.1/armv7e-m/fpu\libgcc.a(_arm_unorddf2.o)
 .ARM.attributes
                0x000008d5       0x22 d:/truestudio/truestudio for arm 7.1.2/armtools/bin/../lib/gcc/arm-atollic-eabi/5.3.1/armv7e-m/fpu\libgcc.a(_arm_fixdfsi.o)
 .ARM.attributes
                0x000008f7       0x34 d:/truestudio/truestudio for arm 7.1.2/armtools/bin/../lib/gcc/arm-atollic-eabi/5.3.1/../../../../arm-atollic-eabi/lib/armv7e-m/fpu\libnosys.a(sbrk.o)
 .ARM.attributes
                0x0000092b       0x22 d:/truestudio/truestudio for arm 7.1.2/armtools/bin/../lib/gcc/arm-atollic-eabi/5.3.1/armv7e-m/fpu/crtn.o
OUTPUT(larm.elf elf32-littlearm)

.debug_info     0x00000000    0x11bfe
 .debug_info    0x00000000      0x8a3 Drivers\STM32F4xx_HAL_Driver\Src\stm32f4xx_hal.o
 .debug_info    0x000008a3      0xd17 Drivers\STM32F4xx_HAL_Driver\Src\stm32f4xx_hal_adc.o
 .debug_info    0x000015ba      0xe65 Drivers\STM32F4xx_HAL_Driver\Src\stm32f4xx_hal_cortex.o
 .debug_info    0x0000241f      0x756 Drivers\STM32F4xx_HAL_Driver\Src\stm32f4xx_hal_gpio.o
 .debug_info    0x00002b75     0x2e43 Drivers\STM32F4xx_HAL_Driver\Src\stm32f4xx_hal_i2c.o
 .debug_info    0x000059b8      0xcd7 Drivers\STM32F4xx_HAL_Driver\Src\stm32f4xx_hal_rcc.o
 .debug_info    0x0000668f     0x2e9e Drivers\STM32F4xx_HAL_Driver\Src\stm32f4xx_hal_tim.o
 .debug_info    0x0000952d      0xf73 Drivers\STM32F4xx_HAL_Driver\Src\stm32f4xx_hal_tim_ex.o
 .debug_info    0x0000a4a0     0x14fe Drivers\STM32F4xx_HAL_Driver\Src\stm32f4xx_hal_uart.o
 .debug_info    0x0000b99e      0x32b Src\delay.o
 .debug_info    0x0000bcc9      0x60f Src\lcd.o
 .debug_info    0x0000c2d8     0x38e7 Src\main.o
 .debug_info    0x0000fbbf     0x14c0 Src\stm32f4xx_hal_msp.o
 .debug_info    0x0001107f      0x5f6 Src\stm32f4xx_it.o
 .debug_info    0x00011675      0x526 Src\system_stm32f4xx.o
 .debug_info    0x00011b9b       0x63 startup\startup_stm32f401xe.o

.debug_abbrev   0x00000000     0x2451
 .debug_abbrev  0x00000000      0x296 Drivers\STM32F4xx_HAL_Driver\Src\stm32f4xx_hal.o
 .debug_abbrev  0x00000296      0x29d Drivers\STM32F4xx_HAL_Driver\Src\stm32f4xx_hal_adc.o
 .debug_abbrev  0x00000533      0x32f Drivers\STM32F4xx_HAL_Driver\Src\stm32f4xx_hal_cortex.o
 .debug_abbrev  0x00000862      0x1c8 Drivers\STM32F4xx_HAL_Driver\Src\stm32f4xx_hal_gpio.o
 .debug_abbrev  0x00000a2a      0x345 Drivers\STM32F4xx_HAL_Driver\Src\stm32f4xx_hal_i2c.o
 .debug_abbrev  0x00000d6f      0x30d Drivers\STM32F4xx_HAL_Driver\Src\stm32f4xx_hal_rcc.o
 .debug_abbrev  0x0000107c      0x320 Drivers\STM32F4xx_HAL_Driver\Src\stm32f4xx_hal_tim.o
 .debug_abbrev  0x0000139c      0x27f Drivers\STM32F4xx_HAL_Driver\Src\stm32f4xx_hal_tim_ex.o
 .debug_abbrev  0x0000161b      0x317 Drivers\STM32F4xx_HAL_Driver\Src\stm32f4xx_hal_uart.o
 .debug_abbrev  0x00001932      0x15a Src\delay.o
 .debug_abbrev  0x00001a8c      0x147 Src\lcd.o
 .debug_abbrev  0x00001bd3      0x3df Src\main.o
 .debug_abbrev  0x00001fb2      0x1fb Src\stm32f4xx_hal_msp.o
 .debug_abbrev  0x000021ad      0x191 Src\stm32f4xx_it.o
 .debug_abbrev  0x0000233e      0x101 Src\system_stm32f4xx.o
 .debug_abbrev  0x0000243f       0x12 startup\startup_stm32f401xe.o

.debug_loc      0x00000000     0x93e9
 .debug_loc     0x00000000       0x91 Drivers\STM32F4xx_HAL_Driver\Src\stm32f4xx_hal.o
 .debug_loc     0x00000091      0x829 Drivers\STM32F4xx_HAL_Driver\Src\stm32f4xx_hal_adc.o
 .debug_loc     0x000008ba      0x4cc Drivers\STM32F4xx_HAL_Driver\Src\stm32f4xx_hal_cortex.o
 .debug_loc     0x00000d86      0x370 Drivers\STM32F4xx_HAL_Driver\Src\stm32f4xx_hal_gpio.o
 .debug_loc     0x000010f6     0x2882 Drivers\STM32F4xx_HAL_Driver\Src\stm32f4xx_hal_i2c.o
 .debug_loc     0x00003978      0x485 Drivers\STM32F4xx_HAL_Driver\Src\stm32f4xx_hal_rcc.o
 .debug_loc     0x00003dfd     0x30f6 Drivers\STM32F4xx_HAL_Driver\Src\stm32f4xx_hal_tim.o
 .debug_loc     0x00006ef3      0x8ec Drivers\STM32F4xx_HAL_Driver\Src\stm32f4xx_hal_tim_ex.o
 .debug_loc     0x000077df     0x13be Drivers\STM32F4xx_HAL_Driver\Src\stm32f4xx_hal_uart.o
 .debug_loc     0x00008b9d      0x345 Src\lcd.o
 .debug_loc     0x00008ee2      0x2db Src\main.o
 .debug_loc     0x000091bd      0x155 Src\stm32f4xx_hal_msp.o
 .debug_loc     0x00009312       0xd7 Src\system_stm32f4xx.o

.debug_aranges  0x00000000      0xbe8
 .debug_aranges
                0x00000000       0xc0 Drivers\STM32F4xx_HAL_Driver\Src\stm32f4xx_hal.o
 .debug_aranges
                0x000000c0       0xb8 Drivers\STM32F4xx_HAL_Driver\Src\stm32f4xx_hal_adc.o
 .debug_aranges
                0x00000178       0xa8 Drivers\STM32F4xx_HAL_Driver\Src\stm32f4xx_hal_cortex.o
 .debug_aranges
                0x00000220       0x58 Drivers\STM32F4xx_HAL_Driver\Src\stm32f4xx_hal_gpio.o
 .debug_aranges
                0x00000278      0x190 Drivers\STM32F4xx_HAL_Driver\Src\stm32f4xx_hal_i2c.o
 .debug_aranges
                0x00000408       0x80 Drivers\STM32F4xx_HAL_Driver\Src\stm32f4xx_hal_rcc.o
 .debug_aranges
                0x00000488      0x250 Drivers\STM32F4xx_HAL_Driver\Src\stm32f4xx_hal_tim.o
 .debug_aranges
                0x000006d8       0xf0 Drivers\STM32F4xx_HAL_Driver\Src\stm32f4xx_hal_tim_ex.o
 .debug_aranges
                0x000007c8      0x170 Drivers\STM32F4xx_HAL_Driver\Src\stm32f4xx_hal_uart.o
 .debug_aranges
                0x00000938       0x30 Src\delay.o
 .debug_aranges
                0x00000968       0x60 Src\lcd.o
 .debug_aranges
                0x000009c8      0x140 Src\main.o
 .debug_aranges
                0x00000b08       0x68 Src\stm32f4xx_hal_msp.o
 .debug_aranges
                0x00000b70       0x28 Src\stm32f4xx_it.o
 .debug_aranges
                0x00000b98       0x28 Src\system_stm32f4xx.o
 .debug_aranges
                0x00000bc0       0x28 startup\startup_stm32f401xe.o

.debug_ranges   0x00000000      0xf60
 .debug_ranges  0x00000000       0xb0 Drivers\STM32F4xx_HAL_Driver\Src\stm32f4xx_hal.o
 .debug_ranges  0x000000b0       0xc0 Drivers\STM32F4xx_HAL_Driver\Src\stm32f4xx_hal_adc.o
 .debug_ranges  0x00000170      0x158 Drivers\STM32F4xx_HAL_Driver\Src\stm32f4xx_hal_cortex.o
 .debug_ranges  0x000002c8       0x70 Drivers\STM32F4xx_HAL_Driver\Src\stm32f4xx_hal_gpio.o
 .debug_ranges  0x00000338      0x210 Drivers\STM32F4xx_HAL_Driver\Src\stm32f4xx_hal_i2c.o
 .debug_ranges  0x00000548      0x150 Drivers\STM32F4xx_HAL_Driver\Src\stm32f4xx_hal_rcc.o
 .debug_ranges  0x00000698      0x330 Drivers\STM32F4xx_HAL_Driver\Src\stm32f4xx_hal_tim.o
 .debug_ranges  0x000009c8       0xe0 Drivers\STM32F4xx_HAL_Driver\Src\stm32f4xx_hal_tim_ex.o
 .debug_ranges  0x00000aa8      0x178 Drivers\STM32F4xx_HAL_Driver\Src\stm32f4xx_hal_uart.o
 .debug_ranges  0x00000c20       0x20 Src\delay.o
 .debug_ranges  0x00000c40       0x50 Src\lcd.o
 .debug_ranges  0x00000c90      0x1d0 Src\main.o
 .debug_ranges  0x00000e60       0xb0 Src\stm32f4xx_hal_msp.o
 .debug_ranges  0x00000f10       0x18 Src\stm32f4xx_it.o
 .debug_ranges  0x00000f28       0x18 Src\system_stm32f4xx.o
 .debug_ranges  0x00000f40       0x20 startup\startup_stm32f401xe.o

.debug_line     0x00000000     0x632a
 .debug_line    0x00000000      0x39f Drivers\STM32F4xx_HAL_Driver\Src\stm32f4xx_hal.o
 .debug_line    0x0000039f      0x6a5 Drivers\STM32F4xx_HAL_Driver\Src\stm32f4xx_hal_adc.o
 .debug_line    0x00000a44      0x40a Drivers\STM32F4xx_HAL_Driver\Src\stm32f4xx_hal_cortex.o
 .debug_line    0x00000e4e      0x38b Drivers\STM32F4xx_HAL_Driver\Src\stm32f4xx_hal_gpio.o
 .debug_line    0x000011d9     0x16f8 Drivers\STM32F4xx_HAL_Driver\Src\stm32f4xx_hal_i2c.o
 .debug_line    0x000028d1      0x578 Drivers\STM32F4xx_HAL_Driver\Src\stm32f4xx_hal_rcc.o
 .debug_line    0x00002e49      0xfbd Drivers\STM32F4xx_HAL_Driver\Src\stm32f4xx_hal_tim.o
 .debug_line    0x00003e06      0x600 Drivers\STM32F4xx_HAL_Driver\Src\stm32f4xx_hal_tim_ex.o
 .debug_line    0x00004406      0xaf4 Drivers\STM32F4xx_HAL_Driver\Src\stm32f4xx_hal_uart.o
 .debug_line    0x00004efa      0x18c Src\delay.o
 .debug_line    0x00005086      0x289 Src\lcd.o
 .debug_line    0x0000530f      0x880 Src\main.o
 .debug_line    0x00005b8f      0x34c Src\stm32f4xx_hal_msp.o
 .debug_line    0x00005edb      0x22f Src\stm32f4xx_it.o
 .debug_line    0x0000610a      0x1a1 Src\system_stm32f4xx.o
 .debug_line    0x000062ab       0x7f startup\startup_stm32f401xe.o

.debug_str      0x00000000     0x3ec4
 .debug_str     0x00000000      0x8fe Drivers\STM32F4xx_HAL_Driver\Src\stm32f4xx_hal.o
                                0x95e (size before relaxing)
 .debug_str     0x000008fe      0x650 Drivers\STM32F4xx_HAL_Driver\Src\stm32f4xx_hal_adc.o
                                0x909 (size before relaxing)
 .debug_str     0x00000f4e      0x3c3 Drivers\STM32F4xx_HAL_Driver\Src\stm32f4xx_hal_cortex.o
                                0xad3 (size before relaxing)
 .debug_str     0x00001311      0x1cd Drivers\STM32F4xx_HAL_Driver\Src\stm32f4xx_hal_gpio.o
                                0x51d (size before relaxing)
 .debug_str     0x000014de      0x974 Drivers\STM32F4xx_HAL_Driver\Src\stm32f4xx_hal_i2c.o
                                0xe6d (size before relaxing)
 .debug_str     0x00001e52      0x2bd Drivers\STM32F4xx_HAL_Driver\Src\stm32f4xx_hal_rcc.o
                                0x6f4 (size before relaxing)
 .debug_str     0x0000210f      0xc52 Drivers\STM32F4xx_HAL_Driver\Src\stm32f4xx_hal_tim.o
                               0x1136 (size before relaxing)
 .debug_str     0x00002d61      0x43a Drivers\STM32F4xx_HAL_Driver\Src\stm32f4xx_hal_tim_ex.o
                                0xb8d (size before relaxing)
 .debug_str     0x0000319b      0x5d8 Drivers\STM32F4xx_HAL_Driver\Src\stm32f4xx_hal_uart.o
                                0xb2c (size before relaxing)
 .debug_str     0x00003773       0xf1 Src\delay.o
                                0x2ed (size before relaxing)
 .debug_str     0x00003864       0xea Src\lcd.o
                                0x30c (size before relaxing)
 .debug_str     0x0000394e      0x428 Src\main.o
                               0x195c (size before relaxing)
 .debug_str     0x00003d76       0xc5 Src\stm32f4xx_hal_msp.o
                               0x11d0 (size before relaxing)
 .debug_str     0x00003e3b       0x44 Src\stm32f4xx_it.o
                                0x64d (size before relaxing)
 .debug_str     0x00003e7f       0x45 Src\system_stm32f4xx.o
                                0x3ad (size before relaxing)

.comment        0x00000000       0x7e
 .comment       0x00000000       0x7e Drivers\STM32F4xx_HAL_Driver\Src\stm32f4xx_hal.o
                                 0x7f (size before relaxing)
 .comment       0x0000007e       0x7f Drivers\STM32F4xx_HAL_Driver\Src\stm32f4xx_hal_adc.o
 .comment       0x0000007e       0x7f Drivers\STM32F4xx_HAL_Driver\Src\stm32f4xx_hal_cortex.o
 .comment       0x0000007e       0x7f Drivers\STM32F4xx_HAL_Driver\Src\stm32f4xx_hal_gpio.o
 .comment       0x0000007e       0x7f Drivers\STM32F4xx_HAL_Driver\Src\stm32f4xx_hal_i2c.o
 .comment       0x0000007e       0x7f Drivers\STM32F4xx_HAL_Driver\Src\stm32f4xx_hal_rcc.o
 .comment       0x0000007e       0x7f Drivers\STM32F4xx_HAL_Driver\Src\stm32f4xx_hal_tim.o
 .comment       0x0000007e       0x7f Drivers\STM32F4xx_HAL_Driver\Src\stm32f4xx_hal_tim_ex.o
 .comment       0x0000007e       0x7f Drivers\STM32F4xx_HAL_Driver\Src\stm32f4xx_hal_uart.o
 .comment       0x0000007e       0x7f Src\delay.o
 .comment       0x0000007e       0x7f Src\lcd.o
 .comment       0x0000007e       0x7f Src\main.o
 .comment       0x0000007e       0x7f Src\stm32f4xx_hal_msp.o
 .comment       0x0000007e       0x7f Src\stm32f4xx_it.o
 .comment       0x0000007e       0x7f Src\system_stm32f4xx.o

.debug_frame    0x00000000     0x280c
 .debug_frame   0x00000000      0x194 Drivers\STM32F4xx_HAL_Driver\Src\stm32f4xx_hal.o
 .debug_frame   0x00000194      0x23c Drivers\STM32F4xx_HAL_Driver\Src\stm32f4xx_hal_adc.o
 .debug_frame   0x000003d0      0x150 Drivers\STM32F4xx_HAL_Driver\Src\stm32f4xx_hal_cortex.o
 .debug_frame   0x00000520       0xd4 Drivers\STM32F4xx_HAL_Driver\Src\stm32f4xx_hal_gpio.o
 .debug_frame   0x000005f4      0x638 Drivers\STM32F4xx_HAL_Driver\Src\stm32f4xx_hal_i2c.o
 .debug_frame   0x00000c2c      0x138 Drivers\STM32F4xx_HAL_Driver\Src\stm32f4xx_hal_rcc.o
 .debug_frame   0x00000d64      0x854 Drivers\STM32F4xx_HAL_Driver\Src\stm32f4xx_hal_tim.o
 .debug_frame   0x000015b8      0x32c Drivers\STM32F4xx_HAL_Driver\Src\stm32f4xx_hal_tim_ex.o
 .debug_frame   0x000018e4      0x498 Drivers\STM32F4xx_HAL_Driver\Src\stm32f4xx_hal_uart.o
 .debug_frame   0x00001d7c       0x40 Src\delay.o
 .debug_frame   0x00001dbc      0x10c Src\lcd.o
 .debug_frame   0x00001ec8      0x37c Src\main.o
 .debug_frame   0x00002244       0xe4 Src\stm32f4xx_hal_msp.o
 .debug_frame   0x00002328       0x3c Src\stm32f4xx_it.o
 .debug_frame   0x00002364       0x30 Src\system_stm32f4xx.o
 .debug_frame   0x00002394       0x2c d:/truestudio/truestudio for arm 7.1.2/armtools/bin/../lib/gcc/arm-atollic-eabi/5.3.1/../../../../arm-atollic-eabi/lib/armv7e-m/fpu\libc_nano.a(lib_a-init.o)
 .debug_frame   0x000023c0       0x70 d:/truestudio/truestudio for arm 7.1.2/armtools/bin/../lib/gcc/arm-atollic-eabi/5.3.1/../../../../arm-atollic-eabi/lib/armv7e-m/fpu\libc_nano.a(lib_a-sprintf.o)
 .debug_frame   0x00002430       0x20 d:/truestudio/truestudio for arm 7.1.2/armtools/bin/../lib/gcc/arm-atollic-eabi/5.3.1/../../../../arm-atollic-eabi/lib/armv7e-m/fpu\libc_nano.a(lib_a-strcpy.o)
 .debug_frame   0x00002450       0x90 d:/truestudio/truestudio for arm 7.1.2/armtools/bin/../lib/gcc/arm-atollic-eabi/5.3.1/../../../../arm-atollic-eabi/lib/armv7e-m/fpu\libc_nano.a(lib_a-nano-svfprintf.o)
 .debug_frame   0x000024e0       0x60 d:/truestudio/truestudio for arm 7.1.2/armtools/bin/../lib/gcc/arm-atollic-eabi/5.3.1/../../../../arm-atollic-eabi/lib/armv7e-m/fpu\libc_nano.a(lib_a-nano-vfprintf_i.o)
 .debug_frame   0x00002540       0x28 d:/truestudio/truestudio for arm 7.1.2/armtools/bin/../lib/gcc/arm-atollic-eabi/5.3.1/../../../../arm-atollic-eabi/lib/armv7e-m/fpu\libc_nano.a(lib_a-memcpy-stub.o)
 .debug_frame   0x00002568       0x28 d:/truestudio/truestudio for arm 7.1.2/armtools/bin/../lib/gcc/arm-atollic-eabi/5.3.1/../../../../arm-atollic-eabi/lib/armv7e-m/fpu\libc_nano.a(lib_a-memmove.o)
 .debug_frame   0x00002590       0x38 d:/truestudio/truestudio for arm 7.1.2/armtools/bin/../lib/gcc/arm-atollic-eabi/5.3.1/../../../../arm-atollic-eabi/lib/armv7e-m/fpu\libc_nano.a(lib_a-nano-freer.o)
 .debug_frame   0x000025c8       0x2c d:/truestudio/truestudio for arm 7.1.2/armtools/bin/../lib/gcc/arm-atollic-eabi/5.3.1/../../../../arm-atollic-eabi/lib/armv7e-m/fpu\libc_nano.a(lib_a-nano-mallocr.o)
 .debug_frame   0x000025f4       0x3c d:/truestudio/truestudio for arm 7.1.2/armtools/bin/../lib/gcc/arm-atollic-eabi/5.3.1/../../../../arm-atollic-eabi/lib/armv7e-m/fpu\libc_nano.a(lib_a-nano-reallocr.o)
 .debug_frame   0x00002630       0x2c d:/truestudio/truestudio for arm 7.1.2/armtools/bin/../lib/gcc/arm-atollic-eabi/5.3.1/../../../../arm-atollic-eabi/lib/armv7e-m/fpu\libc_nano.a(lib_a-sbrkr.o)
 .debug_frame   0x0000265c       0x30 d:/truestudio/truestudio for arm 7.1.2/armtools/bin/../lib/gcc/arm-atollic-eabi/5.3.1/../../../../arm-atollic-eabi/lib/armv7e-m/fpu\libc_nano.a(lib_a-mlock.o)
 .debug_frame   0x0000268c       0x20 d:/truestudio/truestudio for arm 7.1.2/armtools/bin/../lib/gcc/arm-atollic-eabi/5.3.1/../../../../arm-atollic-eabi/lib/armv7e-m/fpu\libc_nano.a(lib_a-nano-msizer.o)
 .debug_frame   0x000026ac       0x5c d:/truestudio/truestudio for arm 7.1.2/armtools/bin/../lib/gcc/arm-atollic-eabi/5.3.1/../../../../arm-atollic-eabi/lib/armv7e-m/fpu\libc_nano.a(lib_a-reent.o)
 .debug_frame   0x00002708       0x44 d:/truestudio/truestudio for arm 7.1.2/armtools/bin/../lib/gcc/arm-atollic-eabi/5.3.1/../../../../arm-atollic-eabi/lib/armv7e-m/fpu\libm.a(lib_a-w_log.o)
 .debug_frame   0x0000274c       0x40 d:/truestudio/truestudio for arm 7.1.2/armtools/bin/../lib/gcc/arm-atollic-eabi/5.3.1/../../../../arm-atollic-eabi/lib/armv7e-m/fpu\libm.a(lib_a-e_log.o)
 .debug_frame   0x0000278c       0x20 d:/truestudio/truestudio for arm 7.1.2/armtools/bin/../lib/gcc/arm-atollic-eabi/5.3.1/../../../../arm-atollic-eabi/lib/armv7e-m/fpu\libm.a(lib_a-s_matherr.o)
 .debug_frame   0x000027ac       0x20 d:/truestudio/truestudio for arm 7.1.2/armtools/bin/../lib/gcc/arm-atollic-eabi/5.3.1/../../../../arm-atollic-eabi/lib/armv7e-m/fpu\libm.a(lib_a-s_nan.o)
 .debug_frame   0x000027cc       0x20 d:/truestudio/truestudio for arm 7.1.2/armtools/bin/../lib/gcc/arm-atollic-eabi/5.3.1/../../../../arm-atollic-eabi/lib/armv7e-m/fpu\libc_nano.a(lib_a-errno.o)
 .debug_frame   0x000027ec       0x20 d:/truestudio/truestudio for arm 7.1.2/armtools/bin/../lib/gcc/arm-atollic-eabi/5.3.1/../../../../arm-atollic-eabi/lib/armv7e-m/fpu\libnosys.a(sbrk.o)
