keyPad.c:12:6:knapp1	0	static
keyPad.c:21:6:knapp4	0	static
keyPad.c:30:6:knapp7	0	static
keyPad.c:38:6:knapp0	0	static
keyPad.c:46:6:knapp2	0	static
keyPad.c:54:6:knapp5	0	static
keyPad.c:62:6:knapp8	0	static
keyPad.c:70:6:knapp3	0	static
keyPad.c:78:6:knapp6	0	static
keyPad.c:86:6:knapp9	0	static
keyPad.c:101:6:setcolum	8	static
keyPad.c:109:6:setcolum1	8	static
keyPad.c:117:6:setcolum2	8	static
keyPad.c:125:6:setcolum3	8	static
keyPad.c:133:6:setcolum4	8	static
keyPad.c:154:6:scana_rad1	8	static
keyPad.c:192:6:scana_rad2	8	static
keyPad.c:232:6:scana_rad3	8	static
keyPad.c:271:6:scana_rad4	8	static
keyPad.c:315:6:scana_knapp	8	static
