main.c:467:9:Read_Analog_Temp	8	static
main.c:556:6:activate_Deactivate	16	static
main.c:629:6:sirenON	8	static
main.c:751:6:SystemClock_Config	96	static
main.c:1009:6:activeBuzzer	8	static
main.c:132:6:check_Code	16	static
main.c:494:6:countDown	24	static
main.c:1016:6:ADXL345_WriteRegister	24	static
main.c:1024:6:ADXL345_readRegisters	24	static
main.c:1030:6:ADXL345_Init	8	static
main.c:1038:6:ADXL345_Run	16	static
main.c:1052:6:knapp1	0	static
main.c:1059:6:knapp4	0	static
main.c:1066:6:knapp7	0	static
main.c:1073:6:knapp0	0	static
main.c:1080:6:knapp2	0	static
main.c:1087:6:knapp5	0	static
main.c:1094:6:knapp8	0	static
main.c:1101:6:knapp3	0	static
main.c:1108:6:knapp6	0	static
main.c:1115:6:knapp9	0	static
main.c:1121:6:knappD	0	static
main.c:1126:6:knappA	0	static
main.c:1131:6:knappB	0	static
main.c:1136:6:knappC	0	static
main.c:1141:6:setcolum	8	static
main.c:1149:6:setcolum1	8	static
main.c:1157:6:setcolum2	8	static
main.c:1165:6:setcolum3	8	static
main.c:1173:6:setcolum4	8	static
main.c:1181:6:scana_rad1	8	static
main.c:1211:6:scana_rad2	8	static
main.c:1241:6:scana_rad3	8	static
main.c:1272:6:scana_rad4	8	static
main.c:1302:5:scanna_knapp	8	static
main.c:661:5:main	72	static
main.c:1321:6:_Error_Handler	0	static
